// Jest Snapshot v1, https://goo.gl/fbAQLP

exports[`<AppHeader /> render without breaking 1`] = `
<header
  className="header"
>
  <div
    className="inner"
  >
    <a
      href="/"
    >
      <h1
        className="logo"
      >
        Netflix
        <span>
          roulette
        </span>
      </h1>
    </a>
  </div>
</header>
`;
