// Jest Snapshot v1, https://goo.gl/fbAQLP

exports[`MovieSummary render without breaking 1`] = `
<div
  className="movie-summary"
>
  <div
    className="image"
  >
    <img
      alt="Fifty Shades Freed"
      src="https://image.tmdb.org/t/p/w500/3kcEGnYBHDeqmdYf8ZRbKdfmlUy.jpg"
      width="250px"
    />
  </div>
  <div
    className="details"
  >
    <h1
      className="title"
    >
      Fifty Shades Freed
      <span
        className="rating"
      >
        6.1
      </span>
    </h1>
    <div
      className="meta"
    >
      <span
        className="release-year"
      >
        <span>
          2018
        </span>
        Year
      </span>
      <span
        className="duration"
      >
        <span>
          106
        </span>
        Mins
      </span>
    </div>
    <div
      className="description"
    >
      Believing they have left behind shadowy figures from their past, newlyweds Christian and Ana fully embrace an inextricable connection and shared life of luxury. But just as she steps into her role as Mrs. Grey and he relaxes into an unfamiliar stability, new threats could jeopardize their happy ending before it even begins.
    </div>
  </div>
</div>
`;
